usage: west [-h] [-z ZEPHYR_BASE] [-v] [-q] [-V] <command> ...
west: unknown command "build"; do you need to run this inside a workspace?
